| FileFromRestOfPath.java:8:50:8:68 | getRestOfPath(...) | A file is created from #getRestOfPath, potential path traversal vulnerability $@. | FileFromRestOfPath.java:8:38:8:68 | ... + ... | here |
