| UnsafeCalls.java:2:17:2:19 | bad | Potentially unsafe invocation of Runtime#exec |
